[E3/TDA_door_N10000_s0] Maze(door: 4x7, d*=4, T=15, K=17, door=10, p_locked=0.7) params=109,401 data N=9985 (solve 0.091, optimal 0.0000) L=31
  eval@0: value_err mean=0.9032 max=0.9730 opt_err=1.067 cons=0.457 piR_err=0.429
  eval@250: value_err mean=0.0575 max=0.0761 opt_err=1.009 cons=0.333 piR_err=0.253
  eval@500: value_err mean=0.0449 max=0.0627 opt_err=1.239 cons=0.229 piR_err=0.269
  step 500: a=1.262 a_wmean=0.960 grad_norm=1.315 mc=0.333 pi=1.392 piR=1.381 td=0.400 term=0.005 total=4.441 (106 ms/step)
  eval@750: value_err mean=0.0362 max=0.0482 opt_err=1.190 cons=0.223 piR_err=0.198
  eval@1000: value_err mean=0.0332 max=0.0481 opt_err=1.341 cons=0.191 piR_err=0.192
  step 1000: a=1.166 a_wmean=0.907 grad_norm=1.058 mc=0.337 pi=1.388 piR=1.373 td=0.363 term=0.002 total=4.292 (99 ms/step)
  eval@1250: value_err mean=0.0307 max=0.0486 opt_err=1.437 cons=0.187 piR_err=0.200
  eval@1500: value_err mean=0.0315 max=0.0464 opt_err=1.353 cons=0.191 piR_err=0.186
  step 1500: a=1.158 a_wmean=0.913 grad_norm=0.981 mc=0.327 pi=1.386 piR=1.368 td=0.363 term=0.001 total=4.276 (183 ms/step)
  eval@1750: value_err mean=0.0269 max=0.0426 opt_err=1.358 cons=0.183 piR_err=0.175
  eval@2000: value_err mean=0.0270 max=0.0417 opt_err=1.392 cons=0.193 piR_err=0.173 | piR_sample:0.68/0.00 piR_greedy:1.00/0.00 posterior:0.69/0.00 posterior_greedy:1.00/0.00 ev_b1:0.44/0.01 ev_b3:0.82/0.01 ev_b10:0.98/0.05
[E3/TDA_door_N10000_s0] done in 383s
[E3/TDA_door_N10000_s1] Maze(door: 4x7, d*=4, T=15, K=17, door=10, p_locked=0.7) params=109,401 data N=9991 (solve 0.101, optimal 0.0000) L=31
  eval@0: value_err mean=0.9131 max=0.9869 opt_err=2.231 cons=0.514 piR_err=0.896
  eval@250: value_err mean=0.0539 max=0.0755 opt_err=1.164 cons=0.319 piR_err=0.279
  eval@500: value_err mean=0.0440 max=0.0697 opt_err=1.457 cons=0.241 piR_err=0.236
  step 500: a=1.211 a_wmean=0.917 grad_norm=1.279 mc=0.369 pi=1.392 piR=1.379 td=0.494 term=0.005 total=4.481 (107 ms/step)
  eval@750: value_err mean=0.0280 max=0.0438 opt_err=1.430 cons=0.217 piR_err=0.208
  eval@1000: value_err mean=0.0270 max=0.0404 opt_err=1.345 cons=0.212 piR_err=0.179
  step 1000: a=1.157 a_wmean=0.898 grad_norm=1.003 mc=0.334 pi=1.388 piR=1.370 td=0.369 term=0.002 total=4.286 (104 ms/step)
  eval@1250: value_err mean=0.0270 max=0.0382 opt_err=1.348 cons=0.218 piR_err=0.161
  eval@1500: value_err mean=0.0280 max=0.0421 opt_err=1.538 cons=0.189 piR_err=0.182
  step 1500: a=1.142 a_wmean=0.901 grad_norm=1.028 mc=0.379 pi=1.386 piR=1.362 td=0.423 term=0.001 total=4.314 (102 ms/step)
  eval@1750: value_err mean=0.0324 max=0.0487 opt_err=1.426 cons=0.202 piR_err=0.155
  eval@2000: value_err mean=0.0250 max=0.0388 opt_err=1.455 cons=0.192 piR_err=0.167 | piR_sample:0.53/0.00 piR_greedy:1.00/0.00 posterior:0.62/0.00 posterior_greedy:1.00/0.00 ev_b1:0.53/0.03 ev_b3:0.86/0.02 ev_b10:1.00/0.07
[E3/TDA_door_N10000_s1] done in 266s
