[E5/base_N10000_s0] Maze(open7: 7x7, d*=7, T=20, K=22, door=-1, p_locked=0.0) params=110,238 data N=9982 (solve 0.094, optimal 0.0000) L=41
  eval@0: value_err mean=0.9181 max=0.9838 opt_err=1.000 cons=0.465 piR_err=0.488
  eval@250: value_err mean=0.0620 max=0.0815 opt_err=0.670 cons=0.321 piR_err=0.161
  eval@500: value_err mean=0.0459 max=0.0687 opt_err=0.655 cons=0.265 piR_err=0.146
  step 500: a=1.390 a_wmean=0.947 grad_norm=0.877 mc=0.421 pi=1.388 piR=1.377 td=0.413 term=0.004 total=3.181 (194 ms/step)
  eval@750: value_err mean=0.0386 max=0.0603 opt_err=0.668 cons=0.178 piR_err=0.153
  eval@1000: value_err mean=0.0344 max=0.0515 opt_err=0.720 cons=0.159 piR_err=0.154
  step 1000: a=1.227 a_wmean=0.929 grad_norm=0.899 mc=0.361 pi=1.389 piR=1.377 td=0.405 term=0.002 total=4.399 (182 ms/step)
  eval@1250: value_err mean=0.0301 max=0.0451 opt_err=0.692 cons=0.169 piR_err=0.133
  eval@1500: value_err mean=0.0306 max=0.0461 opt_err=0.744 cons=0.167 piR_err=0.143
  step 1500: a=1.204 a_wmean=0.929 grad_norm=0.850 mc=0.353 pi=1.386 piR=1.373 td=0.373 term=0.001 total=4.337 (181 ms/step)
  eval@1750: value_err mean=0.0301 max=0.0452 opt_err=0.678 cons=0.177 piR_err=0.131
  eval@2000: value_err mean=0.0284 max=0.0410 opt_err=0.711 cons=0.165 piR_err=0.127
  step 2000: a=1.196 a_wmean=0.927 grad_norm=0.988 mc=0.368 pi=1.386 piR=1.371 td=0.363 term=0.001 total=4.317 (183 ms/step)
  eval@2250: value_err mean=0.0279 max=0.0418 opt_err=0.690 cons=0.184 piR_err=0.120
  eval@2500: value_err mean=0.0260 max=0.0399 opt_err=0.736 cons=0.174 piR_err=0.123
  step 2500: a=1.203 a_wmean=0.942 grad_norm=0.842 mc=0.387 pi=1.384 piR=1.367 td=0.389 term=0.001 total=4.344 (184 ms/step)
  eval@2750: value_err mean=0.0266 max=0.0407 opt_err=0.765 cons=0.183 piR_err=0.122
  eval@3000: value_err mean=0.0261 max=0.0400 opt_err=0.789 cons=0.178 piR_err=0.123 | piR_sample:0.73/0.00 piR_greedy:1.00/0.00 posterior:0.79/0.02 posterior_greedy:1.00/0.00 ev_b1:0.58/0.05 ev_b3:0.91/0.17 ev_b10:1.00/0.51
[E5/base_N10000_s0] done in 647s
[E5/c1_rollout_N10000_s0] Maze(open7: 7x7, d*=7, T=20, K=22, door=-1, p_locked=0.0) params=110,238 data N=9982 (solve 0.094, optimal 0.0000) L=41
  eval@0: value_err mean=0.9181 max=0.9838 opt_err=1.000 cons=0.465 piR_err=0.488
  eval@250: value_err mean=0.0623 max=0.0848 opt_err=0.576 cons=0.332 piR_err=0.202
